  0 SNES Function norm 9.37124 
  1 SNES Function norm 8.0237 
  0 SNES Function norm 8.0237 
  1 SNES Function norm 2.20417 
  2 SNES Function norm 0.153449 
  3 SNES Function norm 0.000597506 
  4 SNES Function norm 1.05886e-08 
Number of Newton iterations =     4
