  0 SNES Function norm 0.368723 
  1 SNES Function norm 0.0202824 
  2 SNES Function norm 4.38259e-05 
  3 SNES Function norm 2.075e-10 
Number of Newton iterations = 3
