Fine grid size 9 by 9
  0 KSP Residual norm 10.6579 
  1 KSP Residual norm 0.464485 
  2 KSP Residual norm 0.0820736 
  3 KSP Residual norm 0.0203797 
  4 KSP Residual norm 0.00314953 
  5 KSP Residual norm 0.000484629 
  6 KSP Residual norm 8.84084e-05 
Number of iterations = 6
