Fine grid size 9 by 9
  0 KSP Residual norm 12.9438 
  1 KSP Residual norm 0.156161 
  2 KSP Residual norm 0.00220641 
  3 KSP Residual norm 2.72114e-05 
Number of iterations = 3
