Fine grid size 9 by 9
  0 KSP Residual norm 2.99996 
  1 KSP Residual norm 0.00999504 
  2 KSP Residual norm 3.14371e-05 
  3 KSP Residual norm 7.6822e-08 
Number of iterations = 3
  0 KSP Residual norm 2.20655 
  1 KSP Residual norm 0.00412604 
  2 KSP Residual norm 7.48162e-06 
Number of iterations = 2
  0 KSP Residual norm 2.20655 
  1 KSP Residual norm 0.00412604 
  2 KSP Residual norm 7.48164e-06 
Number of iterations = 2
