  0 KSP Residual norm 0.210648 
  1 KSP Residual norm 0.07826 
  2 KSP Residual norm 0.0115565 
  3 KSP Residual norm 0.00113989 
  4 KSP Residual norm 0.00013248 
  5 KSP Residual norm 9.04476e-06 
  6 KSP Residual norm 4.52149e-07 
  0 KSP Residual norm 0.296899 
  1 KSP Residual norm 0.109095 
  2 KSP Residual norm 0.0159567 
  3 KSP Residual norm 0.00156561 
  4 KSP Residual norm 0.000180874 
  5 KSP Residual norm 1.22968e-05 
  6 KSP Residual norm 6.14861e-07 
  0 KSP Residual norm 0.365417 
  1 KSP Residual norm 0.136799 
  2 KSP Residual norm 0.0205626 
  3 KSP Residual norm 0.002578 
  4 KSP Residual norm 0.000736126 
  5 KSP Residual norm 0.000236693 
  6 KSP Residual norm 2.2708e-05 
  7 KSP Residual norm 3.24987e-06 
  0 KSP Residual norm 0.423774 
  1 KSP Residual norm 0.160595 
  2 KSP Residual norm 0.0242251 
  3 KSP Residual norm 0.0026731 
  4 KSP Residual norm 0.000620612 
  5 KSP Residual norm 0.000243131 
  6 KSP Residual norm 2.82443e-05 
  7 KSP Residual norm 2.87092e-06 
  0 KSP Residual norm 0.473291 
  1 KSP Residual norm 0.178591 
  2 KSP Residual norm 0.0270983 
  3 KSP Residual norm 0.00359566 
  4 KSP Residual norm 0.00111978 
  5 KSP Residual norm 0.000349676 
  6 KSP Residual norm 3.52319e-05 
  7 KSP Residual norm 9.18899e-06 
  8 KSP Residual norm 2.26628e-06 
  0 KSP Residual norm 0.515138 
  1 KSP Residual norm 0.190428 
  2 KSP Residual norm 0.0285967 
  3 KSP Residual norm 0.0041846 
  4 KSP Residual norm 0.00136146 
  5 KSP Residual norm 0.000375973 
  6 KSP Residual norm 4.27731e-05 
  7 KSP Residual norm 1.59351e-05 
  8 KSP Residual norm 2.58173e-06 
  0 KSP Residual norm 0.554582 
  1 KSP Residual norm 0.203508 
  2 KSP Residual norm 0.0314943 
  3 KSP Residual norm 0.00623359 
  4 KSP Residual norm 0.00193188 
  5 KSP Residual norm 0.000431187 
  6 KSP Residual norm 7.66734e-05 
  7 KSP Residual norm 2.89269e-05 
  8 KSP Residual norm 3.13588e-06 
  0 KSP Residual norm 0.594983 
  1 KSP Residual norm 0.221733 
  2 KSP Residual norm 0.0359776 
  3 KSP Residual norm 0.00847561 
  4 KSP Residual norm 0.00242097 
  5 KSP Residual norm 0.00049018 
  6 KSP Residual norm 7.69877e-05 
  7 KSP Residual norm 2.97884e-05 
  8 KSP Residual norm 3.34816e-06 
