  0 KSP Residual norm 0.341642 
  1 KSP Residual norm 0.0202929 
  2 KSP Residual norm 0.000518974 
  3 KSP Residual norm 4.64715e-06 
  4 KSP Residual norm 4.94427e-09 
