Matrix Object: 1 MPI processes
  type: seqaij
row 0: (0, 0)  (1, 0)  (3, 0)  (9, 0) 
row 1: (0, 0)  (1, 0)  (2, 0)  (4, 0)  (10, 0) 
row 2: (1, 0)  (2, 0)  (5, 0)  (11, 0) 
row 3: (0, 0)  (3, 0)  (4, 0)  (6, 0)  (12, 0) 
row 4: (1, 0)  (3, 0)  (4, 0)  (5, 0)  (7, 0)  (13, 0) 
row 5: (2, 0)  (4, 0)  (5, 0)  (8, 0)  (14, 0) 
row 6: (3, 0)  (6, 0)  (7, 0)  (15, 0) 
row 7: (4, 0)  (6, 0)  (7, 0)  (8, 0)  (16, 0) 
row 8: (5, 0)  (7, 0)  (8, 0)  (17, 0) 
row 9: (0, 0)  (9, 0)  (10, 0)  (12, 0)  (18, 0) 
row 10: (1, 0)  (9, 0)  (10, 0)  (11, 0)  (13, 0)  (19, 0) 
row 11: (2, 0)  (10, 0)  (11, 0)  (14, 0)  (20, 0) 
row 12: (3, 0)  (9, 0)  (12, 0)  (13, 0)  (15, 0)  (21, 0) 
row 13: (4, 0)  (10, 0)  (12, 0)  (13, 0)  (14, 0)  (16, 0)  (22, 0) 
row 14: (5, 0)  (11, 0)  (13, 0)  (14, 0)  (17, 0)  (23, 0) 
row 15: (6, 0)  (12, 0)  (15, 0)  (16, 0)  (24, 0) 
row 16: (7, 0)  (13, 0)  (15, 0)  (16, 0)  (17, 0)  (25, 0) 
row 17: (8, 0)  (14, 0)  (16, 0)  (17, 0)  (26, 0) 
row 18: (9, 0)  (18, 0)  (19, 0)  (21, 0) 
row 19: (10, 0)  (18, 0)  (19, 0)  (20, 0)  (22, 0) 
row 20: (11, 0)  (19, 0)  (20, 0)  (23, 0) 
row 21: (12, 0)  (18, 0)  (21, 0)  (22, 0)  (24, 0) 
row 22: (13, 0)  (19, 0)  (21, 0)  (22, 0)  (23, 0)  (25, 0) 
row 23: (14, 0)  (20, 0)  (22, 0)  (23, 0)  (26, 0) 
row 24: (15, 0)  (21, 0)  (24, 0)  (25, 0) 
row 25: (16, 0)  (22, 0)  (24, 0)  (25, 0)  (26, 0) 
row 26: (17, 0)  (23, 0)  (25, 0)  (26, 0) 
Matrix Object: 1 MPI processes
  type: seqaij
row 0: (0, 1e-12)  (1, 0)  (3, 0)  (9, 0) 
row 1: (0, 0)  (1, 1e-12)  (2, 0)  (4, 0)  (10, 0) 
row 2: (1, 0)  (2, 1e-12)  (5, 0)  (11, 0) 
row 3: (0, 0)  (3, 1e-12)  (4, 0)  (6, 0)  (12, 0) 
row 4: (1, 0)  (3, 0)  (4, 1e-12)  (5, 0)  (7, 0)  (13, 0) 
row 5: (2, 0)  (4, 0)  (5, 1e-12)  (8, 0)  (14, 0) 
row 6: (3, 0)  (6, 1e-12)  (7, 0)  (15, 0) 
row 7: (4, 0)  (6, 0)  (7, 1e-12)  (8, 0)  (16, 0) 
row 8: (5, 0)  (7, 0)  (8, 1e-12)  (17, 0) 
row 9: (0, 0)  (9, 1e-12)  (10, 0)  (12, 0)  (18, 0) 
row 10: (1, 0)  (9, 0)  (10, 1e-12)  (11, 0)  (13, 0)  (19, 0) 
row 11: (2, 0)  (10, 0)  (11, 1e-12)  (14, 0)  (20, 0) 
row 12: (3, 0)  (9, 0)  (12, 1e-12)  (13, 0)  (15, 0)  (21, 0) 
row 13: (4, 0)  (10, 0)  (12, 0)  (13, 1e-12)  (14, 0)  (16, 0)  (22, 0) 
row 14: (5, 0)  (11, 0)  (13, 0)  (14, 1e-12)  (17, 0)  (23, 0) 
row 15: (6, 0)  (12, 0)  (15, 1e-12)  (16, 0)  (24, 0) 
row 16: (7, 0)  (13, 0)  (15, 0)  (16, 1e-12)  (17, 0)  (25, 0) 
row 17: (8, 0)  (14, 0)  (16, 0)  (17, 1e-12)  (26, 0) 
row 18: (9, 0)  (18, 1e-12)  (19, 0)  (21, 0) 
row 19: (10, 0)  (18, 0)  (19, 1e-12)  (20, 0)  (22, 0) 
row 20: (11, 0)  (19, 0)  (20, 1e-12)  (23, 0) 
row 21: (12, 0)  (18, 0)  (21, 1e-12)  (22, 0)  (24, 0) 
row 22: (13, 0)  (19, 0)  (21, 0)  (22, 1e-12)  (23, 0)  (25, 0) 
row 23: (14, 0)  (20, 0)  (22, 0)  (23, 1e-12)  (26, 0) 
row 24: (15, 0)  (21, 0)  (24, 1e-12)  (25, 0) 
row 25: (16, 0)  (22, 0)  (24, 0)  (25, 1e-12)  (26, 0) 
row 26: (17, 0)  (23, 0)  (25, 0)  (26, 1e-12) 
Final residual 0
