Mesh in 3 dimensions:
  8 0-cells
  19 1-cells
  18 2-cells
  6 3-cells
