\documentclass{beamer}
\usepackage{tikz}
\usepackage{pgflibraryshapes}
\usetikzlibrary{backgrounds}
\usetikzlibrary{arrows}
\newenvironment{changemargin}[2]{%
  \begin{list}{}{%
    \setlength{\topsep}{0pt}%
    \setlength{\leftmargin}{#1}%
    \setlength{\rightmargin}{#2}%
    \setlength{\listparindent}{\parindent}%
    \setlength{\itemindent}{\parindent}%
    \setlength{\parsep}{\parskip}%
  }%
  \item[]}{\end{list}}
\begin{document}
\begin{frame}{Simplical Mesh}
\begin{changemargin}{-1cm}{0cm}
\begin{center}
\begin{tikzpicture}[scale = 5.00,font=\fontsize{8}{8}\selectfont]
\path
(0,0) node(8_0) [draw,shape=circle,color=red] {8} --
(0.5,0) node(9_0) [draw,shape=circle,color=red] {9} --
(1,0) node(10_0) [draw,shape=circle,color=red] {10} --
(0,0.5) node(11_0) [draw,shape=circle,color=red] {11} --
(0.5,0.5) node(12_0) [draw,shape=circle,color=red] {12} --
(1,0.5) node(13_0) [draw,shape=circle,color=red] {13} --
(0,1) node(14_0) [draw,shape=circle,color=red] {14} --
(0.5,1) node(15_0) [draw,shape=circle,color=red] {15} --
(1,1) node(16_0) [draw,shape=circle,color=red] {16} --
(0,0);
\draw[color=red] (8_0) -- (9_0) -- (11_0) -- (8_0);
\draw[color=red] (12_0) -- (14_0) -- (11_0) -- (12_0);
\draw[color=red] (11_0) -- (9_0) -- (12_0) -- (11_0);
\draw[color=red] (12_0) -- (10_0) -- (13_0) -- (12_0);
\draw[color=red] (10_0) -- (12_0) -- (9_0) -- (10_0);
\draw[color=red] (15_0) -- (13_0) -- (16_0) -- (15_0);
\draw[color=red] (13_0) -- (15_0) -- (12_0) -- (13_0);
\draw[color=red] (12_0) -- (15_0) -- (14_0) -- (12_0);
\end{tikzpicture}
\end{center}
Mesh for processes , and {\textcolor{red}0}.
\end{changemargin}
\end{frame}
\end{document}
