Mesh in 2 dimensions:
  0-cells: 4
  1-cells: 5
  2-cells: 2
           0           0           6           0           7           0           8           0           2           0           3           0           4           0
           1           0           7           0           9           0          10           0           3           0           4           0           5           0
