This is a contrived example to test floating pointing
It is not a true error.
Run with -fp_trap to catch the floating point error
--------------------------------------------------------------------------
PETSc Version 2.0.22, Released April 28, 1998.
Satish Balay, Bill Gropp, Lois Curfman McInnes, Barry Smith.
Bug reports, questions: petsc-maint@mcs.anl.gov
Web page: http://www.mcs.anl.gov/petsc/
See docs/copyright.html for copyright information.
See docs/changes.html for recent updates.
See docs/troubleshooting.html for hints about trouble shooting.
See docs/manualpages/index.html for manual pages.
-----------------------------------------------------------------------
ex3 
 on a sun4 named maverick.mcs.anl.gov by balay Mon Jun 15 13:06:49 1998
Libraries linked from /tmp/petsc/petsc/lib/libOpg_complex/sun4
-----------------------------------------------------------------------
[0]PETSC ERROR: unknownfunction() line 0 in  unknown file
[0]PETSC ERROR:   Signal received!
[0]PETSC ERROR:   Caught signal FPE:
PETSC ERROR: Floating Point Exception, probably divide by zero
PETSC ERROR: Try option -start_in_debugger or -on_error_attach_debugger to
PETSC ERROR: determine where problem occurs

[0] MPI Abort by user Aborting program !
[0] Aborting program!
