
 CG: 
Number of iterations =   7
Residual norm 1.24996e-07;  Error norm 3.54955e-08.

 MINRES: 
Number of iterations =   7
Residual norm 1.25472e-07;  Error norm 3.55051e-08.

 SYMMLQ: 
Number of iterations =   7
Residual norm 1.24996e-07;  Error norm 3.54955e-08.
