
 CG: 
Number of iterations =   4
Residual norm 8.37022e-08;  Error norm 2.19657e-08.

 MINRES: 
Number of iterations =   4
Residual norm 8.37549e-08;  Error norm 2.19418e-08.

 SYMMLQ: 
Number of iterations =   4
Residual norm 8.37022e-08;  Error norm 2.19657e-08.
