timestep 0 time 0 norm of error 9.27078e-16 3.44169e-15
timestep 1 time 0.000142922 norm of error 0.000592513 0.000853123
timestep 2 time 0.000285845 norm of error 0.00112593 0.00162247
timestep 3 time 0.000428767 norm of error 0.00160469 0.00231432
timestep 4 time 0.000571689 norm of error 0.00203292 0.0029345
timestep 5 time 0.000714611 norm of error 0.00241448 0.00348847
timestep 6 time 0.000857534 norm of error 0.00275297 0.00398132
timestep 7 time 0.00100046 norm of error 0.00305176 0.00441779
timestep 8 time 0.00114338 norm of error 0.00331397 0.00480231
timestep 9 time 0.0012863 norm of error 0.00354251 0.005139
timestep 10 time 0.00142922 norm of error 0.00374012 0.0054317
timestep 11 time 0.00157215 norm of error 0.00390931 0.00568399
timestep 12 time 0.00171507 norm of error 0.00405244 0.00589918
timestep 13 time 0.00185799 norm of error 0.00417171 0.00608038
timestep 14 time 0.00200091 norm of error 0.00426916 0.00623047
timestep 15 time 0.00214383 norm of error 0.00434667 0.00635211
timestep 16 time 0.00228676 norm of error 0.00440602 0.0064478
timestep 17 time 0.00242968 norm of error 0.00444884 0.00651985
timestep 18 time 0.0025726 norm of error 0.00447664 0.00657039
timestep 19 time 0.00271552 norm of error 0.00449083 0.00660142
timestep 20 time 0.00285845 norm of error 0.00449273 0.00661477
timestep 21 time 0.00300137 norm of error 0.00448354 0.00661215
timestep 22 time 0.00314429 norm of error 0.00446438 0.00659514
timestep 23 time 0.00328721 norm of error 0.0044363 0.0065652
timestep 24 time 0.00343013 norm of error 0.00440025 0.00652368
timestep 25 time 0.00357306 norm of error 0.00435712 0.00647184
timestep 26 time 0.00371598 norm of error 0.00430774 0.00641082
timestep 27 time 0.0038589 norm of error 0.00425285 0.00634168
timestep 28 time 0.00400182 norm of error 0.00419317 0.00626541
timestep 29 time 0.00414475 norm of error 0.00412932 0.0061829
timestep 30 time 0.00428767 norm of error 0.00406192 0.00609499
timestep 31 time 0.00443059 norm of error 0.00399149 0.00600243
timestep 32 time 0.00457351 norm of error 0.00391855 0.00590593
timestep 33 time 0.00471644 norm of error 0.00384355 0.00580612
timestep 34 time 0.00485936 norm of error 0.00376692 0.00570359
timestep 35 time 0.00500228 norm of error 0.00368904 0.00559888
timestep 36 time 0.0051452 norm of error 0.00361027 0.00549247
timestep 37 time 0.00528812 norm of error 0.00353093 0.00538481
timestep 38 time 0.00543105 norm of error 0.00345133 0.0052763
timestep 39 time 0.00557397 norm of error 0.00337171 0.00516732
timestep 40 time 0.00571689 norm of error 0.00329234 0.00505818
timestep 41 time 0.00585981 norm of error 0.00321344 0.0049492
timestep 42 time 0.00600274 norm of error 0.0031352 0.00484064
timestep 43 time 0.00614566 norm of error 0.00305782 0.00473275
timestep 44 time 0.00628858 norm of error 0.00298144 0.00462573
timestep 45 time 0.0064315 norm of error 0.00290623 0.0045198
timestep 46 time 0.00657442 norm of error 0.00283232 0.00441511
timestep 47 time 0.00671735 norm of error 0.00275982 0.00431182
timestep 48 time 0.00686027 norm of error 0.00268885 0.00421006
timestep 49 time 0.00700319 norm of error 0.00261949 0.00410995
timestep 50 time 0.00714611 norm of error 0.00255182 0.00401159
timestep 51 time 0.00728904 norm of error 0.00248593 0.00391506
timestep 52 time 0.00743196 norm of error 0.00242187 0.00382199
timestep 53 time 0.00757488 norm of error 0.0023597 0.00373182
timestep 54 time 0.0077178 norm of error 0.00229946 0.00364361
timestep 55 time 0.00786073 norm of error 0.00224119 0.00355742
timestep 56 time 0.00800365 norm of error 0.00218491 0.00347327
timestep 57 time 0.00814657 norm of error 0.00213066 0.00339118
timestep 58 time 0.00828949 norm of error 0.00207845 0.00331118
timestep 59 time 0.00843241 norm of error 0.00202829 0.00323326
timestep 60 time 0.00857534 norm of error 0.00198019 0.00315743
timestep 61 time 0.00871826 norm of error 0.00193414 0.00308368
timestep 62 time 0.00886118 norm of error 0.00189013 0.00301201
timestep 63 time 0.0090041 norm of error 0.00184816 0.0029424
timestep 64 time 0.00914703 norm of error 0.00180822 0.00287484
timestep 65 time 0.00928995 norm of error 0.00177027 0.0028093
timestep 66 time 0.00943287 norm of error 0.00173429 0.00274576
timestep 67 time 0.00957579 norm of error 0.00170026 0.00268419
timestep 68 time 0.00971871 norm of error 0.00166814 0.00262457
timestep 69 time 0.00986164 norm of error 0.00163789 0.00256686
timestep 70 time 0.0100046 norm of error 0.00160947 0.00251102
timestep 71 time 0.0101475 norm of error 0.00158283 0.00245702
timestep 72 time 0.0102904 norm of error 0.00155793 0.00240483
timestep 73 time 0.0104333 norm of error 0.00153472 0.00235726
timestep 74 time 0.0105762 norm of error 0.00151314 0.00231148
timestep 75 time 0.0107192 norm of error 0.00149313 0.0022673
timestep 76 time 0.0108621 norm of error 0.00147464 0.00222469
timestep 77 time 0.011005 norm of error 0.00145761 0.0021836
timestep 78 time 0.0111479 norm of error 0.00144198 0.00214401
timestep 79 time 0.0112909 norm of error 0.00142768 0.00210587
timestep 80 time 0.0114338 norm of error 0.00141466 0.00206914
timestep 81 time 0.0115767 norm of error 0.00140285 0.00203379
timestep 82 time 0.0117196 norm of error 0.00139219 0.00199977
timestep 83 time 0.0118625 norm of error 0.00138262 0.00196761
timestep 84 time 0.0120055 norm of error 0.00137407 0.00193923
timestep 85 time 0.0121484 norm of error 0.00136649 0.00191197
timestep 86 time 0.0122913 norm of error 0.00135982 0.0018858
timestep 87 time 0.0124342 norm of error 0.00135399 0.00186068
timestep 88 time 0.0125772 norm of error 0.00134897 0.00183659
timestep 89 time 0.0127201 norm of error 0.00134468 0.00181348
timestep 90 time 0.012863 norm of error 0.00134109 0.00179132
timestep 91 time 0.0130059 norm of error 0.00133813 0.00177264
timestep 92 time 0.0131488 norm of error 0.00133577 0.00175531
timestep 93 time 0.0132918 norm of error 0.00133396 0.00173874
timestep 94 time 0.0134347 norm of error 0.00133265 0.00172289
timestep 95 time 0.0135776 norm of error 0.00133181 0.00170776
timestep 96 time 0.0137205 norm of error 0.00133139 0.00169408
timestep 97 time 0.0138635 norm of error 0.00133136 0.00168328
timestep 98 time 0.0140064 norm of error 0.00133169 0.001673
timestep 99 time 0.0141493 norm of error 0.00133234 0.00166323
timestep 100 time 0.0142922 norm of error 0.00133328 0.00165395
