Vector Object:
  type: seq
2
1
2
2
1
-------
Vector Object:
  type: seq
1
2
1
1
2
