

============== test_view ==============
(max-b) = 7.200320 : index = 3 
(min-b) = 0.617940 : index = 4 
(max-X) = 7.200320 : index = 9 
(min-X) = 0.617940 : index = 10 
Vector Object:
  type=nest, rows=2 
  VecNest structure: 
  (0) : name="(null)", type=nest, rows=2 
    Vector Object:
      type=nest, rows=2 
      VecNest structure: 
      (0) : name="(null)", type=mpi, rows=3 
        Vector Object:        
          type: mpi
        Process [0]
        1
        1
        Process [1]
        1
      (1) : name="(null)", type=mpi, rows=3 
        Vector Object:        
          type: mpi
        Process [0]
        2
        2
        Process [1]
        2
  (1) : name="(null)", type=nest, rows=2 
    Vector Object:
      type=nest, rows=2 
      VecNest structure: 
      (0) : name="(null)", type=mpi, rows=3 
        Vector Object:        
          type: mpi
        Process [0]
        3
        3
        Process [1]
        3
      (1) : name="(null)", type=mpi, rows=3 
        Vector Object:        
          type: mpi
        Process [0]
        7.20032
        0.61794
        Process [1]
        5.41144


============== test_axpy_dot_max ==============
VecAXPY 
(1) y1 = 
Vector Object:
  type: mpi
Process [0]
4
8
Process [1]
12
16
(1) y2 = 
Vector Object:
  type: mpi
Process [0]
15
18
21
Process [1]
24
27
X.Y = 1610.000000 
(2) y1 = 
Vector Object:
  type: mpi
Process [0]
4
9
Process [1]
14
19
(2) y2 = 
Vector Object:
  type: mpi
Process [0]
25
30
35
Process [1]
40
45
X.Y = 2644.000000 
(max-X) = 18.000000 : index = 8 
(min-X) = 0.000000 : index = 0 
