Vector Object:
  type: seq
10
11
12
13
14
15
----
Vector Object:
  type: seq
2
10
2
12
2
14
