Number of elements in ordering 15
   App.   PETSc
0   0    0
1   5    3
2   10    6
3   1    9
4   6    12
5   11    1
6   2    4
7   7    7
8   12    10
9   3    13
10   8    2
11   13    5
12   4    8
13   9    11
14   14    14
[0] 2,1,3,4 PetscToApplication 10 5 1 6
[0] 0,3,4 ApplicationToPetsc 0 9 12
[1] 2,1,3,4 PetscToApplication 10 5 1 6
[1] 0,3,4 ApplicationToPetsc 0 9 12
[2] 2,1,3,4 PetscToApplication 10 5 1 6
[2] 0,3,4 ApplicationToPetsc 0 9 12
