Number of elements in ordering 10
PETSc->App  App->PETSc
  0    0      0    0
  1    5      1    2
  2    1      2    4
  3    6      3    6
  4    2      4    8
  5    7      5    1
  6    3      6    3
  7    8      7    5
  8    4      8    7
  9    9      9    9
[0] 2,1,9,7 PetscToApplication 1 5 9 8
[0] 0,3,4 ApplicationToPetsc 0 6 8
[1] 2,1,9,7 PetscToApplication 1 5 9 8
[1] 0,3,4 ApplicationToPetsc 0 6 8

Test AOCreateBasicMemoryScalable ... 
Number of elements in ordering 10
PETSc->App  App->PETSc
Process [0]
  0    0      0    0
  1    5      1    2
  2    1      2    4
  3    6      3    6
  4    2      4    8
Process [1]
  5    7      5    1
  6    3      6    3
  7    8      7    5
  8    4      8    7
  9    9      9    9
[0] 2,1,9,7 PetscToApplication 1 5 9 8
[0] 0,3,4 ApplicationToPetsc 0 6 8
[1] 2,1,9,7 PetscToApplication 1 5 9 8
[1] 0,3,4 ApplicationToPetsc 0 6 8
