Number of elements in ordering 5
   App.   PETSc
0   4    4
1   3    3
2   2    2
3   1    1
4   0    0
