Number of elements in ordering 10
   App.   PETSc
0   0    0
1   5    2
2   1    4
3   6    6
4   2    8
5   7    1
6   3    3
7   8    5
8   4    7
9   9    9
[0] Number of indices in (stride) set 5
[0] 0 0
[0] 1 2
[0] 2 4
[0] 3 6
[0] 4 8
[1] Number of indices in (stride) set 5
[1] 0 1
[1] 1 3
[1] 2 5
[1] 3 7
[1] 4 9
[0] Index set is permutation
[0] Number of indices in (stride) set 5
[0] 0 0
[0] 1 1
[0] 2 2
[0] 3 3
[0] 4 4
[1] Number of indices in (stride) set 5
[1] 0 5
[1] 1 6
[1] 2 7
[1] 3 8
[1] 4 9
[0] Index set is permutation
[0] Number of indices in (stride) set 5
[0] 0 0
[0] 1 1
[0] 2 2
[0] 3 3
[0] 4 4
[1] Number of indices in (stride) set 5
[1] 0 5
[1] 1 6
[1] 2 7
[1] 3 8
[1] 4 9
[0] Number of indices in set 5
[0] 0 0
[0] 1 1
[0] 2 2
[0] 3 3
[0] 4 4
[1] Number of indices in set 5
[1] 0 5
[1] 1 6
[1] 2 7
[1] 3 8
[1] 4 9
