Residual norm 0.3282E-02 iterations     6
Residual norm 0.1204E-02 iterations     6
WARNING! There are options you set that were not used!
WARNING! could be spelling mistake, etc!
Option left: name:-mat_double no value 
