
 CG: 
Number of iterations =   3
Residual norm < 1.e-12;  Error norm < 1.e-12.

 MINRES: 
Number of iterations =   3
Residual norm < 1.e-12;  Error norm < 1.e-12.

 SYMMLQ: 
Number of iterations =   3
Residual norm < 1.e-12;  Error norm < 1.e-12.
