  0 KSP Residual norm 0.0189981 
  1 KSP Residual norm 0.0059799 
  2 KSP Residual norm 0.0022605 
  3 KSP Residual norm 0.000492206 
  4 KSP Residual norm 7.43637e-05 
  5 KSP Residual norm 1.44821e-05 
  6 KSP Residual norm 1.14794e-06 
  7 KSP Residual norm 1.21984e-07 
Norm of error 1.17967e-06 Iterations 7
