Processor [0]
0
1
2
3
4
Processor [1]
5
6
7
8
9
Processor [0]
0
1
-100
-101
-103
Processor [1]
-1
6
-2
8
-4
