0.720032
0.061794
0.0100223
0.144639
0.397778
Maximum value 0.720032 index 0
Minimum value 0.0100223 index 2
