Processor [0]
4
4
4
4
4
Processor [1]
1
1
1
1
1
Processor [2]
2
2
2
2
2
Processor [3]
3
3
3
3
3
