Processor [0]
0
1
2
3
4
Processor [1]
10
11
12
13
14
Processor [2]
20
21
22
23
24
----
0
1
2
3
4
10
11
12
13
14
20
21
22
23
24
