Processor [0]
0
1
2
Processor [1]
3
4
5
Processor [2]
6
7
8
Processor [3]
9
10
11
Processor [0]
0
1
2
3
4
5
6
7
8
9
10
11
Processor [1]
0
1
2
3
4
5
6
7
8
9
10
11
Processor [2]
0
1
2
3
4
5
6
7
8
9
10
11
Processor [3]
0
1
2
3
4
5
6
7
8
9
10
11
Processor [0]
0
1
2
3
4
5
6
7
8
9
10
11
Processor [1]
Processor [2]
Processor [3]
