
Global Vector:
Vector Object: 2 MPI processes
  type: mpi
Process [0]
1
1
1
1
1
1
1
Process [1]
2
2
2
2
2
2

