MatSolve:             Error of norm < 1.e-12
MatSolveTranspose :   Error of norm < 1.e-12
MatSolveAdd:          Error or norm < 1.e-12
MatSolveTransposeAdd: Error or norm < 1.e-12
