 Create Elemental matrix A
 Create rhs matrix B
 Create solution matrix X
 Create Elemental matrix Asym
 Test Cholesky Solver 
 Test LU Solver 
