original: Frobenious norm = 313.764, one norm = 266, infinity norm = 576
row 0: (1, 1)  (2, 2)  (3, 3)  (4, 4)  (5, 5)  (6, 6)  (7, 7)  (8, 8) 
row 1: (0, 10)  (1, 11)  (2, 12)  (3, 13)  (4, 14)  (5, 15)  (6, 16)  (7, 17)  (8, 18) 
row 2: (0, 20)  (1, 21)  (2, 22)  (3, 23)  (4, 24)  (5, 25)  (6, 26)  (7, 27)  (8, 28) 
row 3: (0, 30)  (1, 31)  (2, 32)  (3, 33)  (4, 34)  (5, 35)  (6, 36)  (7, 37)  (8, 38) 
row 4: (0, 40)  (1, 41)  (2, 42)  (3, 43)  (4, 44)  (5, 45)  (6, 46)  (7, 47)  (8, 48) 
row 5: (0, 50)  (1, 51)  (2, 52)  (3, 53)  (4, 54)  (5, 55)  (6, 56)  (7, 57)  (8, 58) 
row 6: (0, 60)  (1, 61)  (2, 62)  (3, 63)  (4, 64)  (5, 65)  (6, 66)  (7, 67)  (8, 68) 
transpose: Frobenious norm = 313.764, one norm = 576, infinity norm = 266
row 0: (1, 10)  (2, 20)  (3, 30)  (4, 40)  (5, 50)  (6, 60) 
row 1: (0, 1)  (1, 11)  (2, 21)  (3, 31)  (4, 41)  (5, 51)  (6, 61) 
row 2: (0, 2)  (1, 12)  (2, 22)  (3, 32)  (4, 42)  (5, 52)  (6, 62) 
row 3: (0, 3)  (1, 13)  (2, 23)  (3, 33)  (4, 43)  (5, 53)  (6, 63) 
row 4: (0, 4)  (1, 14)  (2, 24)  (3, 34)  (4, 44)  (5, 54)  (6, 64) 
row 5: (0, 5)  (1, 15)  (2, 25)  (3, 35)  (4, 45)  (5, 55)  (6, 65) 
row 6: (0, 6)  (1, 16)  (2, 26)  (3, 36)  (4, 46)  (5, 56)  (6, 66) 
row 7: (0, 7)  (1, 17)  (2, 27)  (3, 37)  (4, 47)  (5, 57)  (6, 67) 
row 8: (0, 8)  (1, 18)  (2, 28)  (3, 38)  (4, 48)  (5, 58)  (6, 68) 
