Matrix Object: 2 MPI processes
  type: elemental
Elemental matrix (cyclic ordering)
0 10003 1 10004 2 10005 
200 10203 201 10204 202 10205 
100 10103 101 10104 102 10105 
300 10303 301 10304 302 10305 

Matrix Object: 1 MPI processes
  type: mpiaij
row 0: (0, 0)  (1, 1)  (2, 2)  (3, 10003)  (4, 10004)  (5, 10005) 
row 1: (0, 100)  (1, 101)  (2, 102)  (3, 10103)  (4, 10104)  (5, 10105) 
row 2: (0, 200)  (1, 201)  (2, 202)  (3, 10203)  (4, 10204)  (5, 10205) 
row 3: (0, 300)  (1, 301)  (2, 302)  (3, 10303)  (4, 10304)  (5, 10305) 
Matrix Object: 1 MPI processes
  type: mpiaij
row 0: (0, 0.5)  (1, 1)  (2, 2)  (3, 10003)  (4, 10004)  (5, 10005) 
row 1: (0, 100.5)  (1, 102.5)  (2, 102)  (3, 10103)  (4, 10104)  (5, 10105) 
row 2: (0, 200)  (1, 201.5)  (2, 204.5)  (3, 10203)  (4, 10204)  (5, 10205) 
row 3: (0, 300)  (1, 301)  (2, 302.5)  (3, 10306.5)  (4, 10304)  (5, 10305) 
