Matrix Object: 6 MPI processes
  type: elemental
Elemental matrix (cyclic ordering)
0 20002 40004 6 20008 40010 1 20003 40005 7 20009 40011 
10200 30202 50204 10206 30208 50210 10201 30203 50205 10207 30209 50211 
400 20402 40404 406 20408 40410 401 20403 40405 407 20409 40411 
10600 30602 50604 10606 30608 50610 10601 30603 50605 10607 30609 50611 
800 20802 40804 806 20808 40810 801 20803 40805 807 20809 40811 
11000 31002 51004 11006 31008 51010 11001 31003 51005 11007 31009 51011 
100 20102 40104 106 20108 40110 101 20103 40105 107 20109 40111 
10300 30302 50304 10306 30308 50310 10301 30303 50305 10307 30309 50311 
500 20502 40504 506 20508 40510 501 20503 40505 507 20509 40511 
10700 30702 50704 10706 30708 50710 10701 30703 50705 10707 30709 50711 
900 20902 40904 906 20908 40910 901 20903 40905 907 20909 40911 
11100 31102 51104 11106 31108 51110 11101 31103 51105 11107 31109 51111 

Matrix Object: 1 MPI processes
  type: mpiaij
row 0: (0, 0)  (1, 1)  (2, 20002)  (3, 20003)  (4, 40004)  (5, 40005)  (6, 6)  (7, 7)  (8, 20008)  (9, 20009)  (10, 40010)  (11, 40011) 
row 1: (0, 100)  (1, 101)  (2, 20102)  (3, 20103)  (4, 40104)  (5, 40105)  (6, 106)  (7, 107)  (8, 20108)  (9, 20109)  (10, 40110)  (11, 40111) 
row 2: (0, 10200)  (1, 10201)  (2, 30202)  (3, 30203)  (4, 50204)  (5, 50205)  (6, 10206)  (7, 10207)  (8, 30208)  (9, 30209)  (10, 50210)  (11, 50211) 
row 3: (0, 10300)  (1, 10301)  (2, 30302)  (3, 30303)  (4, 50304)  (5, 50305)  (6, 10306)  (7, 10307)  (8, 30308)  (9, 30309)  (10, 50310)  (11, 50311) 
row 4: (0, 400)  (1, 401)  (2, 20402)  (3, 20403)  (4, 40404)  (5, 40405)  (6, 406)  (7, 407)  (8, 20408)  (9, 20409)  (10, 40410)  (11, 40411) 
row 5: (0, 500)  (1, 501)  (2, 20502)  (3, 20503)  (4, 40504)  (5, 40505)  (6, 506)  (7, 507)  (8, 20508)  (9, 20509)  (10, 40510)  (11, 40511) 
row 6: (0, 10600)  (1, 10601)  (2, 30602)  (3, 30603)  (4, 50604)  (5, 50605)  (6, 10606)  (7, 10607)  (8, 30608)  (9, 30609)  (10, 50610)  (11, 50611) 
row 7: (0, 10700)  (1, 10701)  (2, 30702)  (3, 30703)  (4, 50704)  (5, 50705)  (6, 10706)  (7, 10707)  (8, 30708)  (9, 30709)  (10, 50710)  (11, 50711) 
row 8: (0, 800)  (1, 801)  (2, 20802)  (3, 20803)  (4, 40804)  (5, 40805)  (6, 806)  (7, 807)  (8, 20808)  (9, 20809)  (10, 40810)  (11, 40811) 
row 9: (0, 900)  (1, 901)  (2, 20902)  (3, 20903)  (4, 40904)  (5, 40905)  (6, 906)  (7, 907)  (8, 20908)  (9, 20909)  (10, 40910)  (11, 40911) 
row 10: (0, 11000)  (1, 11001)  (2, 31002)  (3, 31003)  (4, 51004)  (5, 51005)  (6, 11006)  (7, 11007)  (8, 31008)  (9, 31009)  (10, 51010)  (11, 51011) 
row 11: (0, 11100)  (1, 11101)  (2, 31102)  (3, 31103)  (4, 51104)  (5, 51105)  (6, 11106)  (7, 11107)  (8, 31108)  (9, 31109)  (10, 51110)  (11, 51111) 
Matrix Object: 1 MPI processes
  type: mpiaij
row 0: (0, 0.5)  (1, 1)  (2, 20002)  (3, 20003)  (4, 40004)  (5, 40005)  (6, 6)  (7, 7)  (8, 20008)  (9, 20009)  (10, 40010)  (11, 40011) 
row 1: (0, 100.5)  (1, 102.5)  (2, 20102)  (3, 20103)  (4, 40104)  (5, 40105)  (6, 106)  (7, 107)  (8, 20108)  (9, 20109)  (10, 40110)  (11, 40111) 
row 2: (0, 10200)  (1, 10201.5)  (2, 30204.5)  (3, 30203)  (4, 50204)  (5, 50205)  (6, 10206)  (7, 10207)  (8, 30208)  (9, 30209)  (10, 50210)  (11, 50211) 
row 3: (0, 10300)  (1, 10301)  (2, 30302.5)  (3, 30306.5)  (4, 50304)  (5, 50305)  (6, 10306)  (7, 10307)  (8, 30308)  (9, 30309)  (10, 50310)  (11, 50311) 
row 4: (0, 400)  (1, 401)  (2, 20402)  (3, 20403.5)  (4, 40408.5)  (5, 40405)  (6, 406)  (7, 407)  (8, 20408)  (9, 20409)  (10, 40410)  (11, 40411) 
row 5: (0, 500)  (1, 501)  (2, 20502)  (3, 20503)  (4, 40504.5)  (5, 40510.5)  (6, 506)  (7, 507)  (8, 20508)  (9, 20509)  (10, 40510)  (11, 40511) 
row 6: (0, 10600)  (1, 10601)  (2, 30602)  (3, 30603)  (4, 50604)  (5, 50605.5)  (6, 10612.5)  (7, 10607)  (8, 30608)  (9, 30609)  (10, 50610)  (11, 50611) 
row 7: (0, 10700)  (1, 10701)  (2, 30702)  (3, 30703)  (4, 50704)  (5, 50705)  (6, 10706.5)  (7, 10714.5)  (8, 30708)  (9, 30709)  (10, 50710)  (11, 50711) 
row 8: (0, 800)  (1, 801)  (2, 20802)  (3, 20803)  (4, 40804)  (5, 40805)  (6, 806)  (7, 807.5)  (8, 20816.5)  (9, 20809)  (10, 40810)  (11, 40811) 
row 9: (0, 900)  (1, 901)  (2, 20902)  (3, 20903)  (4, 40904)  (5, 40905)  (6, 906)  (7, 907)  (8, 20908.5)  (9, 20918.5)  (10, 40910)  (11, 40911) 
row 10: (0, 11000)  (1, 11001)  (2, 31002)  (3, 31003)  (4, 51004)  (5, 51005)  (6, 11006)  (7, 11007)  (8, 31008)  (9, 31009.5)  (10, 51020.5)  (11, 51011) 
row 11: (0, 11100)  (1, 11101)  (2, 31102)  (3, 31103)  (4, 51104)  (5, 51105)  (6, 11106)  (7, 11107)  (8, 31108)  (9, 31109)  (10, 51110.5)  (11, 51122.5) 
