row 0: (0, 10)  (1, 16)  (2, 22)  (3, 28)  (4, 34)  (5, 40)  (9, 46)  (10, 52)  (11, 58) 
row 1: (0, 11)  (1, 17)  (2, 23)  (3, 29)  (4, 35)  (5, 41)  (9, 47)  (10, 53)  (11, 59) 
row 2: (0, 12)  (1, 18)  (2, 24)  (3, 30)  (4, 36)  (5, 42)  (9, 48)  (10, 54)  (11, 60) 
row 3:
row 4:
row 5:
row 6: (0, 13)  (1, 19)  (2, 25)  (3, 31)  (4, 37)  (5, 43)  (9, 49)  (10, 55)  (11, 61) 
row 7: (0, 14)  (1, 20)  (2, 26)  (3, 32)  (4, 38)  (5, 44)  (9, 50)  (10, 56)  (11, 62) 
row 8: (0, 15)  (1, 21)  (2, 27)  (3, 33)  (4, 39)  (5, 45)  (9, 51)  (10, 57)  (11, 63) 
row 9:
row 10:
row 11:
