Matrix Object: 1 MPI processes
  type: seqaij
row 0: (0, 4) 
Matrix Object: 1 MPI processes
  type: seqaij
row 0: (0, 4) 
