row 0: (0, 0)  (1, 0)  (2, 0)
row 1: (0, 0)  (1, 0)  (2, 0)
row 2: (1, 0)  (2, 0)
