MatMatMult: nz_allocated = 4783; nz_used = 4783; nz_unneeded = 0
